dos - one, two, three, four, five, six, seven, eight, nine, ten
quatro - one, two, three, four, five, six, seven, eight, nine, ten
tres - one, two, three, four, five, six, seven, eight, nine, ten
uno - one, two, three, four, five, six, seven, eight, nine, ten
